<html>
<body>
<pre>
<h1>µVision Build Log</h1>
<h2>Project:</h2>
C:\Keil\EE319Kware\capture\capture.uvproj
Project File Date:  12/13/2017

<h2>Output:</h2>
Rebuild target 'Target 1'
assembling startup.s...
compiling timer_capture_init.c...
compiling main.c...
compiling systick_init.c...
linking...
Program Size: Code=1368 RO-data=16 RW-data=0 ZI-data=1120  
".\capture.axf" - 0 Error(s), 0 Warning(s).
Load "C:\\Keil\\EE319Kware\\capture\\capture.axf" 
Connecting: Mode=JTAG, Speed=1000000Hz
Erase Done.
Programming Done.
Verify OK.
Error: Target DLL has been cancelled. Debugger aborted !
Load "C:\\Keil\\EE319Kware\\capture\\capture.axf" 
Connecting: Mode=JTAG, Speed=1000000Hz
Erase Done.
Programming Done.
Verify OK.
