<html>
<body>
<pre>
<h1>µVision Build Log</h1>
<h2>Project:</h2>
\\Mac\Home\Desktop\Microcontrollers_Tiva_C_Pulse_Gen_cap_UART\scanf.uvproj
Project File Date:  12/26/2017

<h2>Output:</h2>
Rebuild target 'scanf'
assembling startup.s...
compiling UART.c...
UART.h(110): warning:  #1-D: last line of file ends without a newline
  void UART_InString(char *bufPt, uint16_t max);
UART.c(235): warning:  #1-D: last line of file ends without a newline
  }
UART.c: 2 warnings, 0 errors
compiling main.c...
UART.h(110): warning:  #1-D: last line of file ends without a newline
  void UART_InString(char *bufPt, uint16_t max);
main.c: 1 warning, 0 errors
compiling pwm.c...
compiling timer_capture_init.c...
UART.h(110): warning:  #1-D: last line of file ends without a newline
  void UART_InString(char *bufPt, uint16_t max);
timer_capture_init.c: 1 warning, 0 errors
linking...
Program Size: Code=1572 RO-data=16 RW-data=0 ZI-data=1024  
".\scanf.axf" - 0 Error(s), 4 Warning(s).
Load "\\\\Mac\\Home\\Desktop\\Microcontrollers_Tiva_C_Pulse_Gen_cap_UART\\scanf.axf" 
Connecting: Mode=JTAG, Speed=1000000Hz
Erase Done.
Programming Done.
Verify OK.
