<html>
<body>
<pre>
<h1>µVision Build Log</h1>
<h2>Project:</h2>
C:\Users\Islam\Desktop\Microcontrollers_Tiva_C_Pulse_Gen_cap_UART\Edge_Cap\scanf.uvproj
Project File Date:  12/26/2017

<h2>Output:</h2>
Rebuild target 'scanf'
assembling startup.s...
compiling UART.c...
compiling main.c...
compiling pwm.c...
compiling timer_capture_init.c...
linking...
Program Size: Code=1240 RO-data=16 RW-data=0 ZI-data=1024  
".\scanf.axf" - 0 Error(s), 0 Warning(s).
</pre>
</body>
</html>
 errors
compiling main.c...
UART.h(110): warning:  #1-D: last line of file ends without a newline
  void UART_InString(char *bufPt, uint16_t max);
main.c: 1 warning, 0 errors
compiling pwm.c...
compiling timer_capture_init.c...
UART.h(110): warning:  #1-D: last line of file ends without a newline
  void UART_InString(char *bufPt, uint16_t max);
timer_capture_init.c: 1 warning, 0 errors
linking...
Program Size: Code=1240 RO-data=16 RW-data=0 ZI-data=1024  
".\scanf.axf" - 0 Error(s), 4 Warning(s).
